{
  "parent": "minecraft:recipes/root",
  "criteria": {
    "has_regalia": {
      "conditions": {
        "items": [
          {
            "items": [
              "effectiveregalia:regalia"
            ]
          }
        ]
      },
      "trigger": "minecraft:inventory_changed"
    },
    "has_spider_eye": {
      "conditions": {
        "items": [
          {
            "items": [
              "minecraft:spider_eye"
            ]
          }
        ]
      },
      "trigger": "minecraft:inventory_changed"
    },
    "has_string": {
      "conditions": {
        "items": [
          {
            "items": [
              "minecraft:string"
            ]
          }
        ]
      },
      "trigger": "minecraft:inventory_changed"
    },
    "has_the_recipe": {
      "conditions": {
        "recipe": "minecraft:regalia/golden/golden_regalia_poison"
      },
      "trigger": "minecraft:recipe_unlocked"
    }
  },
  "requirements": [
    [
      "has_regalia",
      "has_string",
      "has_spider_eye",
      "has_the_recipe"
    ]
  ],
  "rewards": {
    "recipes": [
      "minecraft:regalia/golden/golden_regalia_poison"
    ]
  }
}