{
  "type": "minecraft:crafting_shapeless",
  "category": "equipment",
  "ingredients": [
    {
      "item": "effectiveregalia:golden_regalia"
    },
    {
      "item": "minecraft:string"
    },
    {
      "item": "minecraft:magma_block"
    }
  ],
  "result": {
    "item": "effectiveregalia:golden_regalia_fire"
  }
}