{
  "type": "minecraft:crafting_shapeless",
  "category": "equipment",
  "ingredients": [
    {
      "item": "effectiveregalia:golden_regalia"
    },
    {
      "item": "minecraft:string"
    },
    {
      "item": "minecraft:phantom_membrane"
    }
  ],
  "result": {
    "item": "effectiveregalia:golden_regalia_slow_falling"
  }
}