{
  "type": "minecraft:crafting_shapeless",
  "ingredients": [
    {
      "item": "effectiveregalia:golden_regalia"
    },
    {
      "item": "minecraft:string"
    },
    {
      "item": "minecraft:prismarine"
    }
  ],
  "result": {
    "item": "effectiveregalia:golden_regalia_mining_fatigue"
  }
}