{
  "type": "minecraft:crafting_shapeless",
  "ingredients": [
    {
      "item": "effectiveregalia:golden_regalia"
    },
    {
      "item": "minecraft:string"
    },
    {
      "item": "minecraft:rabbit_foot"
    }
  ],
  "result": {
    "item": "effectiveregalia:golden_regalia_jump_boost"
  }
}